// Jest Snapshot v1, https://goo.gl/fbAQLP

exports[`ALON 1`] = `
Object {
  "definitions": Array [
    Object {
      "expression": Object {
        "entries": Array [
          Object {
            "expression": Object {
              "definitions": Array [
                Object {
                  "expression": Object {
                    "kind": "StringLiteral",
                    "value": "l1",
                  },
                  "identifier": Object {
                    "_meta": Object {
                      "end": Object {
                        "column": 14,
                        "line": 3,
                        "offset": 30,
                      },
                      "start": Object {
                        "column": 12,
                        "line": 3,
                        "offset": 28,
                      },
                    },
                    "kind": "ValueIdentifier",
                    "value": "id",
                  },
                  "kind": "NamedLiteral",
                },
                Object {
                  "expression": Object {
                    "kind": "StringLiteral",
                    "value": "lion",
                  },
                  "identifier": Object {
                    "_meta": Object {
                      "end": Object {
                        "column": 26,
                        "line": 3,
                        "offset": 42,
                      },
                      "start": Object {
                        "column": 22,
                        "line": 3,
                        "offset": 38,
                      },
                    },
                    "kind": "ValueIdentifier",
                    "value": "kind",
                  },
                  "kind": "NamedLiteral",
                },
              ],
              "kind": "RecordLiteral",
            },
            "identifier": Object {
              "_meta": Object {
                "end": Object {
                  "column": 9,
                  "line": 3,
                  "offset": 25,
                },
                "start": Object {
                  "column": 7,
                  "line": 3,
                  "offset": 23,
                },
              },
              "kind": "ValueIdentifier",
              "value": "l1",
            },
            "kind": "NamedLiteral",
          },
          Object {
            "expression": Object {
              "definitions": Array [
                Object {
                  "expression": Object {
                    "kind": "StringLiteral",
                    "value": "l2",
                  },
                  "identifier": Object {
                    "_meta": Object {
                      "end": Object {
                        "column": 14,
                        "line": 4,
                        "offset": 66,
                      },
                      "start": Object {
                        "column": 12,
                        "line": 4,
                        "offset": 64,
                      },
                    },
                    "kind": "ValueIdentifier",
                    "value": "id",
                  },
                  "kind": "NamedLiteral",
                },
                Object {
                  "expression": Object {
                    "kind": "StringLiteral",
                    "value": "lion",
                  },
                  "identifier": Object {
                    "_meta": Object {
                      "end": Object {
                        "column": 26,
                        "line": 4,
                        "offset": 78,
                      },
                      "start": Object {
                        "column": 22,
                        "line": 4,
                        "offset": 74,
                      },
                    },
                    "kind": "ValueIdentifier",
                    "value": "kind",
                  },
                  "kind": "NamedLiteral",
                },
              ],
              "kind": "RecordLiteral",
            },
            "identifier": Object {
              "_meta": Object {
                "end": Object {
                  "column": 9,
                  "line": 4,
                  "offset": 61,
                },
                "start": Object {
                  "column": 7,
                  "line": 4,
                  "offset": 59,
                },
              },
              "kind": "ValueIdentifier",
              "value": "l2",
            },
            "kind": "NamedLiteral",
          },
          Object {
            "expression": Object {
              "definitions": Array [
                Object {
                  "expression": Object {
                    "kind": "StringLiteral",
                    "value": "t1",
                  },
                  "identifier": Object {
                    "_meta": Object {
                      "end": Object {
                        "column": 14,
                        "line": 5,
                        "offset": 102,
                      },
                      "start": Object {
                        "column": 12,
                        "line": 5,
                        "offset": 100,
                      },
                    },
                    "kind": "ValueIdentifier",
                    "value": "id",
                  },
                  "kind": "NamedLiteral",
                },
                Object {
                  "expression": Object {
                    "kind": "StringLiteral",
                    "value": "tiger",
                  },
                  "identifier": Object {
                    "_meta": Object {
                      "end": Object {
                        "column": 26,
                        "line": 5,
                        "offset": 114,
                      },
                      "start": Object {
                        "column": 22,
                        "line": 5,
                        "offset": 110,
                      },
                    },
                    "kind": "ValueIdentifier",
                    "value": "kind",
                  },
                  "kind": "NamedLiteral",
                },
              ],
              "kind": "RecordLiteral",
            },
            "identifier": Object {
              "_meta": Object {
                "end": Object {
                  "column": 9,
                  "line": 5,
                  "offset": 97,
                },
                "start": Object {
                  "column": 7,
                  "line": 5,
                  "offset": 95,
                },
              },
              "kind": "ValueIdentifier",
              "value": "t1",
            },
            "kind": "NamedLiteral",
          },
          Object {
            "expression": Object {
              "definitions": Array [
                Object {
                  "expression": Object {
                    "kind": "StringLiteral",
                    "value": "t2",
                  },
                  "identifier": Object {
                    "_meta": Object {
                      "end": Object {
                        "column": 14,
                        "line": 6,
                        "offset": 139,
                      },
                      "start": Object {
                        "column": 12,
                        "line": 6,
                        "offset": 137,
                      },
                    },
                    "kind": "ValueIdentifier",
                    "value": "id",
                  },
                  "kind": "NamedLiteral",
                },
                Object {
                  "expression": Object {
                    "kind": "StringLiteral",
                    "value": "tiger",
                  },
                  "identifier": Object {
                    "_meta": Object {
                      "end": Object {
                        "column": 26,
                        "line": 6,
                        "offset": 151,
                      },
                      "start": Object {
                        "column": 22,
                        "line": 6,
                        "offset": 147,
                      },
                    },
                    "kind": "ValueIdentifier",
                    "value": "kind",
                  },
                  "kind": "NamedLiteral",
                },
              ],
              "kind": "RecordLiteral",
            },
            "identifier": Object {
              "_meta": Object {
                "end": Object {
                  "column": 9,
                  "line": 6,
                  "offset": 134,
                },
                "start": Object {
                  "column": 7,
                  "line": 6,
                  "offset": 132,
                },
              },
              "kind": "ValueIdentifier",
              "value": "t2",
            },
            "kind": "NamedLiteral",
          },
        ],
        "kind": "MapLiteral",
      },
      "identifier": Object {
        "_meta": Object {
          "end": Object {
            "column": 12,
            "line": 2,
            "offset": 13,
          },
          "start": Object {
            "column": 5,
            "line": 2,
            "offset": 6,
          },
        },
        "kind": "ValueIdentifier",
        "value": "animals",
      },
      "kind": "NamedLiteral",
    },
    Object {
      "expression": Object {
        "expressions": Array [
          Object {
            "kind": "StringLiteral",
            "value": "jungle",
          },
          Object {
            "kind": "StringLiteral",
            "value": "desert",
          },
          Object {
            "kind": "StringLiteral",
            "value": "savannah",
          },
        ],
        "kind": "ListLiteral",
      },
      "identifier": Object {
        "_meta": Object {
          "end": Object {
            "column": 17,
            "line": 8,
            "offset": 185,
          },
          "start": Object {
            "column": 5,
            "line": 8,
            "offset": 173,
          },
        },
        "kind": "ValueIdentifier",
        "value": "environments",
      },
      "kind": "NamedLiteral",
    },
  ],
  "kind": "RecordLiteral",
}
`;
