// Jest Snapshot v1, https://goo.gl/fbAQLP

exports[`compiler.TypeExpression.StringLiteral 1`] = `
NodeObject {
  "emitNode": undefined,
  "end": -1,
  "flags": 16,
  "id": 0,
  "kind": 201,
  "literal": NodeObject {
    "emitNode": undefined,
    "end": -1,
    "flags": 16,
    "hasExtendedUnicodeEscape": undefined,
    "id": 0,
    "kind": 11,
    "localSymbol": undefined,
    "modifierFlagsCache": 0,
    "original": undefined,
    "parent": undefined,
    "pos": -1,
    "singleQuote": undefined,
    "symbol": undefined,
    "text": "foo",
    "transformFlags": 0,
  },
  "modifierFlagsCache": 0,
  "original": undefined,
  "parent": undefined,
  "pos": -1,
  "transformFlags": 1,
}
`;
